Archive member included because of file (symbol)

c:/program files/atmel/atmel toolchain/avr8 gcc/native/3.4.1051/avr8-gnu-toolchain/bin/../lib/gcc/avr/4.8.1/avr35\libgcc.a(_exit.o)
                              c:/program files/atmel/atmel toolchain/avr8 gcc/native/3.4.1051/avr8-gnu-toolchain/bin/../lib/gcc/avr/4.8.1/../../../../avr/lib/avr35/crtm16u2.o (exit)
c:/program files/atmel/atmel toolchain/avr8 gcc/native/3.4.1051/avr8-gnu-toolchain/bin/../lib/gcc/avr/4.8.1/avr35\libgcc.a(_tablejump.o)
                              src/LUFA/LUFA/Drivers/USB/Class/Common/HIDParser.o (__tablejump2__)
c:/program files/atmel/atmel toolchain/avr8 gcc/native/3.4.1051/avr8-gnu-toolchain/bin/../lib/gcc/avr/4.8.1/avr35\libgcc.a(_copy_data.o)
                              Joystick.o (__do_copy_data)
c:/program files/atmel/atmel toolchain/avr8 gcc/native/3.4.1051/avr8-gnu-toolchain/bin/../lib/gcc/avr/4.8.1/avr35\libgcc.a(_clear_bss.o)
                              src/LUFA/LUFA/Drivers/Peripheral/AVR8/Serial_AVR8.o (__do_clear_bss)
c:/program files/atmel/atmel toolchain/avr8 gcc/native/3.4.1051/avr8-gnu-toolchain/bin/../lib/gcc/avr/4.8.1/../../../../avr/lib/avr35\libc.a(memcpy_P.o)
                              src/LUFA/LUFA/Drivers/USB/Class/Device/RNDISClassDevice.o (memcpy_P)
c:/program files/atmel/atmel toolchain/avr8 gcc/native/3.4.1051/avr8-gnu-toolchain/bin/../lib/gcc/avr/4.8.1/../../../../avr/lib/avr35\libc.a(memcmp.o)
                              src/LUFA/LUFA/Drivers/USB/Class/Device/HIDClassDevice.o (memcmp)
c:/program files/atmel/atmel toolchain/avr8 gcc/native/3.4.1051/avr8-gnu-toolchain/bin/../lib/gcc/avr/4.8.1/../../../../avr/lib/avr35\libc.a(memcpy.o)
                              src/LUFA/LUFA/Drivers/USB/Class/Device/HIDClassDevice.o (memcpy)
c:/program files/atmel/atmel toolchain/avr8 gcc/native/3.4.1051/avr8-gnu-toolchain/bin/../lib/gcc/avr/4.8.1/../../../../avr/lib/avr35\libc.a(memset.o)
                              src/LUFA/LUFA/Drivers/USB/Class/Device/HIDClassDevice.o (memset)
c:/program files/atmel/atmel toolchain/avr8 gcc/native/3.4.1051/avr8-gnu-toolchain/bin/../lib/gcc/avr/4.8.1/../../../../avr/lib/avr35\libc.a(iob.o)
                              src/LUFA/LUFA/Drivers/Peripheral/AVR8/Serial_AVR8.o (__iob)
c:/program files/atmel/atmel toolchain/avr8 gcc/native/3.4.1051/avr8-gnu-toolchain/bin/../lib/gcc/avr/4.8.1/../../../../avr/lib/avr35\libc.a(eerd_byte_atmega16u2.o)
                              src/LUFA/LUFA/Drivers/USB/Core/AVR8/EndpointStream_AVR8.o (__eerd_byte_m16u2)
c:/program files/atmel/atmel toolchain/avr8 gcc/native/3.4.1051/avr8-gnu-toolchain/bin/../lib/gcc/avr/4.8.1/../../../../avr/lib/avr35\libc.a(eeupd_byte_atmega16u2.o)
                              src/LUFA/LUFA/Drivers/USB/Core/AVR8/EndpointStream_AVR8.o (__eeupd_byte_m16u2)

Allocating common symbols
Common symbol       size              file

USB_IsInitialized   0x1               src/LUFA/LUFA/Drivers/USB/Core/USBTask.o
joyReport           0x7               Joystick.o
USB_DeviceState     0x1               src/LUFA/LUFA/Drivers/USB/Core/USBTask.o
USB_Device_ConfigurationNumber
                    0x1               src/LUFA/LUFA/Drivers/USB/Core/DeviceStandardReq.o
USB_Device_CurrentlySelfPowered
                    0x1               src/LUFA/LUFA/Drivers/USB/Core/DeviceStandardReq.o
USARTSerialStream   0xe               src/LUFA/LUFA/Drivers/Peripheral/AVR8/Serial_AVR8.o
USB_ControlRequest  0x8               src/LUFA/LUFA/Drivers/USB/Core/USBTask.o
USB_Device_RemoteWakeupEnabled
                    0x1               src/LUFA/LUFA/Drivers/USB/Core/DeviceStandardReq.o
__iob               0x6               c:/program files/atmel/atmel toolchain/avr8 gcc/native/3.4.1051/avr8-gnu-toolchain/bin/../lib/gcc/avr/4.8.1/../../../../avr/lib/avr35\libc.a(iob.o)
USARTtoUSB_Buffer   0x104             Joystick.o

Discarded input sections

 .bss           0x00000000        0x0 c:/program files/atmel/atmel toolchain/avr8 gcc/native/3.4.1051/avr8-gnu-toolchain/bin/../lib/gcc/avr/4.8.1/../../../../avr/lib/avr35/crtm16u2.o
 .group         0x00000000        0x8 Descriptors.o
 .group         0x00000000        0x8 Descriptors.o
 .group         0x00000000        0x8 Descriptors.o
 .group         0x00000000        0x8 Descriptors.o
 .group         0x00000000        0x8 Descriptors.o
 .group         0x00000000        0x8 Descriptors.o
 .group         0x00000000        0x8 Descriptors.o
 .group         0x00000000        0x8 Descriptors.o
 .group         0x00000000        0x8 Descriptors.o
 .group         0x00000000        0x8 Descriptors.o
 .group         0x00000000        0x8 Descriptors.o
 .group         0x00000000        0x8 Descriptors.o
 .group         0x00000000        0x8 Descriptors.o
 .group         0x00000000        0x8 Descriptors.o
 .group         0x00000000        0x8 Descriptors.o
 .group         0x00000000        0x8 Descriptors.o
[...]
Memory Configuration

Name             Origin             Length             Attributes
text             0x00000000         0x00010000         xr
data             0x00800060         0x0000ffa0         rw !x
eeprom           0x00810000         0x00010000         rw !x
fuse             0x00820000         0x00000400         rw !x
lock             0x00830000         0x00000400         rw !x
signature        0x00840000         0x00000400         rw !x
user_signatures  0x00850000         0x00000400         rw !x
*default*        0x00000000         0xffffffff

Linker script and memory map

Address of section .data set to 0x800100
LOAD c:/program files/atmel/atmel toolchain/avr8 gcc/native/3.4.1051/avr8-gnu-toolchain/bin/../lib/gcc/avr/4.8.1/../../../../avr/lib/avr35/crtm16u2.o
LOAD Descriptors.o
LOAD src/LUFA/LUFA/Drivers/Peripheral/AVR8/Serial_AVR8.o
LOAD Joystick.o
LOAD src/LUFA/LUFA/Drivers/USB/Class/Common/HIDParser.o
LOAD src/LUFA/LUFA/Drivers/USB/Class/Device/AudioClassDevice.o
LOAD src/LUFA/LUFA/Drivers/USB/Class/Device/CDCClassDevice.o
LOAD src/LUFA/LUFA/Drivers/USB/Class/Device/HIDClassDevice.o
LOAD src/LUFA/LUFA/Drivers/USB/Class/Device/MassStorageClassDevice.o
LOAD src/LUFA/LUFA/Drivers/USB/Class/Device/MIDIClassDevice.o
LOAD src/LUFA/LUFA/Drivers/USB/Class/Device/PrinterClassDevice.o
LOAD src/LUFA/LUFA/Drivers/USB/Class/Device/RNDISClassDevice.o
LOAD src/LUFA/LUFA/Drivers/USB/Class/Host/AndroidAccessoryClassHost.o
LOAD src/LUFA/LUFA/Drivers/USB/Class/Host/AudioClassHost.o
LOAD src/LUFA/LUFA/Drivers/USB/Class/Host/CDCClassHost.o
LOAD src/LUFA/LUFA/Drivers/USB/Class/Host/HIDClassHost.o
LOAD src/LUFA/LUFA/Drivers/USB/Class/Host/MassStorageClassHost.o
LOAD src/LUFA/LUFA/Drivers/USB/Class/Host/MIDIClassHost.o
LOAD src/LUFA/LUFA/Drivers/USB/Class/Host/PrinterClassHost.o
LOAD src/LUFA/LUFA/Drivers/USB/Class/Host/RNDISClassHost.o
LOAD src/LUFA/LUFA/Drivers/USB/Class/Host/StillImageClassHost.o
LOAD src/LUFA/LUFA/Drivers/USB/Core/AVR8/Device_AVR8.o
LOAD src/LUFA/LUFA/Drivers/USB/Core/AVR8/EndpointStream_AVR8.o
LOAD src/LUFA/LUFA/Drivers/USB/Core/AVR8/Endpoint_AVR8.o
LOAD src/LUFA/LUFA/Drivers/USB/Core/AVR8/Host_AVR8.o
LOAD src/LUFA/LUFA/Drivers/USB/Core/AVR8/PipeStream_AVR8.o
LOAD src/LUFA/LUFA/Drivers/USB/Core/AVR8/Pipe_AVR8.o
LOAD src/LUFA/LUFA/Drivers/USB/Core/AVR8/Template/Template_Endpoint_Control_R.o
LOAD src/LUFA/LUFA/Drivers/USB/Core/AVR8/Template/Template_Endpoint_Control_W.o
LOAD src/LUFA/LUFA/Drivers/USB/Core/AVR8/Template/Template_Endpoint_RW.o
LOAD src/LUFA/LUFA/Drivers/USB/Core/AVR8/Template/Template_Pipe_RW.o
LOAD src/LUFA/LUFA/Drivers/USB/Core/AVR8/USBController_AVR8.o
LOAD src/LUFA/LUFA/Drivers/USB/Core/AVR8/USBInterrupt_AVR8.o
LOAD src/LUFA/LUFA/Drivers/USB/Core/ConfigDescriptors.o
LOAD src/LUFA/LUFA/Drivers/USB/Core/DeviceStandardReq.o
LOAD src/LUFA/LUFA/Drivers/USB/Core/Events.o
LOAD src/LUFA/LUFA/Drivers/USB/Core/HostStandardReq.o
LOAD src/LUFA/LUFA/Drivers/USB/Core/USBTask.o
START GROUP
LOAD c:/program files/atmel/atmel toolchain/avr8 gcc/native/3.4.1051/avr8-gnu-toolchain/bin/../lib/gcc/avr/4.8.1/../../../../avr/lib/avr35\libm.a
END GROUP
START GROUP
LOAD c:/program files/atmel/atmel toolchain/avr8 gcc/native/3.4.1051/avr8-gnu-toolchain/bin/../lib/gcc/avr/4.8.1/avr35\libgcc.a
LOAD c:/program files/atmel/atmel toolchain/avr8 gcc/native/3.4.1051/avr8-gnu-toolchain/bin/../lib/gcc/avr/4.8.1/../../../../avr/lib/avr35\libm.a
LOAD c:/program files/atmel/atmel toolchain/avr8 gcc/native/3.4.1051/avr8-gnu-toolchain/bin/../lib/gcc/avr/4.8.1/../../../../avr/lib/avr35\libc.a
END GROUP

.hash
 *(.hash)

.dynsym
 *(.dynsym)

.dynstr
 *(.dynstr)

.gnu.version
 *(.gnu.version)

.gnu.version_d
 *(.gnu.version_d)

.gnu.version_r
 *(.gnu.version_r)

.rel.init
 *(.rel.init)

.rela.init
 *(.rela.init)

.rel.text
 *(.rel.text)
 *(.rel.text.*)
 *(.rel.gnu.linkonce.t*)

.rela.text
 *(.rela.text)
 *(.rela.text.*)
 *(.rela.gnu.linkonce.t*)

.rel.fini
 *(.rel.fini)

.rela.fini
 *(.rela.fini)

.rel.rodata
 *(.rel.rodata)
 *(.rel.rodata.*)
 *(.rel.gnu.linkonce.r*)

.rela.rodata
 *(.rela.rodata)
 *(.rela.rodata.*)
 *(.rela.gnu.linkonce.r*)

.rel.data
 *(.rel.data)
 *(.rel.data.*)
 *(.rel.gnu.linkonce.d*)

.rela.data
 *(.rela.data)
 *(.rela.data.*)
 *(.rela.gnu.linkonce.d*)

.rel.ctors
 *(.rel.ctors)

.rela.ctors
 *(.rela.ctors)

.rel.dtors
 *(.rel.dtors)

.rela.dtors
 *(.rela.dtors)

.rel.got
 *(.rel.got)

.rela.got
 *(.rela.got)

.rel.bss
 *(.rel.bss)

.rela.bss
 *(.rela.bss)

.rel.plt
 *(.rel.plt)

.rela.plt
 *(.rela.plt)

.text           0x00000000     0x1798
 *(.vectors)
 .vectors       0x00000000       0x74 c:/program files/atmel/atmel toolchain/avr8 gcc/native/3.4.1051/avr8-gnu-toolchain/bin/../lib/gcc/avr/4.8.1/../../../../avr/lib/avr35/crtm16u2.o
                0x00000000                __vector_default
                0x00000000                __vectors
 *(.vectors)
 *(.progmem.gcc*)
 .progmem.gcc_sw_table.USB_Device_ProcessControlRequest
                0x00000074       0x14 src/LUFA/LUFA/Drivers/USB/Core/DeviceStandardReq.o
                0x00000088                . = ALIGN (0x2)
                0x00000088                __trampolines_start = .
 *(.trampolines)
 .trampolines   0x00000088        0x0 linker stubs
 *(.trampolines*)
                0x00000088                __trampolines_end = .
 *(.progmem*)
 .progmem.data.ProductString
                0x00000088       0x26 Descriptors.o
                0x00000088                ProductString
 .progmem.data.ManufacturerString
                0x000000ae       0x24 Descriptors.o
                0x000000ae                ManufacturerString
 .progmem.data.LanguageString
                0x000000d2        0x4 Descriptors.o
                0x000000d2                LanguageString
 .progmem.data.ConfigurationDescriptor
                0x000000d6       0x5f Descriptors.o
                0x000000d6                ConfigurationDescriptor
 .progmem.data.DeviceDescriptor
                0x00000135       0x12 Descriptors.o
                0x00000135                DeviceDescriptor
 .progmem.data.JoystickReport
                0x00000147       0x3a Descriptors.o
                0x00000147                JoystickReport
                0x00000182                . = ALIGN (0x2)
 *fill*         0x00000181        0x1 
 *(.jumptables)
 *(.jumptables*)
 *(.lowtext)
 *(.lowtext*)
                0x00000182                __ctors_start = .
 *(.ctors)
                0x00000182                __ctors_end = .
                0x00000182                __dtors_start = .
 *(.dtors)
                0x00000182                __dtors_end = .
 SORT(*)(.ctors)
 SORT(*)(.dtors)
 *(.init0)
 .init0         0x00000182        0x0 c:/program files/atmel/atmel toolchain/avr8 gcc/native/3.4.1051/avr8-gnu-toolchain/bin/../lib/gcc/avr/4.8.1/../../../../avr/lib/avr35/crtm16u2.o
                0x00000182                __init
 *(.init0)
 *(.init1)
 *(.init1)
 *(.init2)
 .init2         0x00000182        0xc c:/program files/atmel/atmel toolchain/avr8 gcc/native/3.4.1051/avr8-gnu-toolchain/bin/../lib/gcc/avr/4.8.1/../../../../avr/lib/avr35/crtm16u2.o
 *(.init2)
 *(.init3)
 *(.init3)
 *(.init4)
 .init4         0x0000018e       0x16 c:/program files/atmel/atmel toolchain/avr8 gcc/native/3.4.1051/avr8-gnu-toolchain/bin/../lib/gcc/avr/4.8.1/avr35\libgcc.a(_copy_data.o)
                0x0000018e                __do_copy_data
 .init4         0x000001a4       0x10 c:/program files/atmel/atmel toolchain/avr8 gcc/native/3.4.1051/avr8-gnu-toolchain/bin/../lib/gcc/avr/4.8.1/avr35\libgcc.a(_clear_bss.o)
                0x000001a4                __do_clear_bss
 *(.init4)
 *(.init5)
 *(.init5)
 *(.init6)
 *(.init6)
 *(.init7)
 *(.init7)
 *(.init8)
 *(.init8)
 *(.init9)
 .init9         0x000001b4        0x6 c:/program files/atmel/atmel toolchain/avr8 gcc/native/3.4.1051/avr8-gnu-toolchain/bin/../lib/gcc/avr/4.8.1/../../../../avr/lib/avr35/crtm16u2.o
 *(.init9)
 *(.text)
 .text          0x000001ba        0x2 c:/program files/atmel/atmel toolchain/avr8 gcc/native/3.4.1051/avr8-gnu-toolchain/bin/../lib/gcc/avr/4.8.1/../../../../avr/lib/avr35/crtm16u2.o
                0x000001ba                __vector_22
                0x000001ba                __vector_28
                0x000001ba                __vector_1
                0x000001ba                __vector_24
                0x000001ba                __vector_12
                0x000001ba                __bad_interrupt
                0x000001ba                __vector_6
                0x000001ba                __vector_3
                0x000001ba                __vector_25
                0x000001ba                __vector_13
                0x000001ba                __vector_17
                0x000001ba                __vector_19
                0x000001ba                __vector_7
                0x000001ba                __vector_27
                0x000001ba                __vector_5
                0x000001ba                __vector_4
                0x000001ba                __vector_9
                0x000001ba                __vector_2
                0x000001ba                __vector_21
                0x000001ba                __vector_15
                0x000001ba                __vector_8
                0x000001ba                __vector_26
                0x000001ba                __vector_14
                0x000001ba                __vector_10
                0x000001ba                __vector_16
                0x000001ba                __vector_18
                0x000001ba                __vector_20
                0x000001bc                . = ALIGN (0x2)
 *(.text.*)
 .text.CALLBACK_USB_GetDescriptor
                0x000001bc       0xa0 Descriptors.o
                0x000001bc                CALLBACK_USB_GetDescriptor
 .text.SetupHardware
                0x0000025c       0x4c Joystick.o
                0x0000025c                SetupHardware
 .text.EVENT_USB_Device_Connect
                0x000002a8        0x2 Joystick.o
                0x000002a8                EVENT_USB_Device_Connect
 .text.EVENT_USB_Device_Disconnect
                0x000002aa        0x2 Joystick.o
                0x000002aa                EVENT_USB_Device_Disconnect
 .text.EVENT_USB_Device_ConfigurationChanged
                0x000002ac       0x18 Joystick.o
                0x000002ac                EVENT_USB_Device_ConfigurationChanged
 .text.EVENT_USB_Device_ControlRequest
                0x000002c4        0xe Joystick.o
                0x000002c4                EVENT_USB_Device_ControlRequest
 .text.EVENT_USB_Device_StartOfFrame
                0x000002d2       0x18 Joystick.o
                0x000002d2                EVENT_USB_Device_StartOfFrame
 .text.CALLBACK_HID_Device_ProcessHIDReport
                0x000002ea        0x2 Joystick.o
                0x000002ea                CALLBACK_HID_Device_ProcessHIDReport
 .text.RINGBUFF_Check_Packet_Type
                0x000002ec       0x14 Joystick.o
                0x000002ec                RINGBUFF_Check_Packet_Type
 .text.CDC_Device_Serial_Task
                0x00000300       0xe2 Joystick.o
                0x00000300                CDC_Device_Serial_Task
 .text.main     0x000003e2       0x52 Joystick.o
                0x000003e2                main
 .text.CALLBACK_HID_Device_CreateHIDReport
                0x00000434      0x136 Joystick.o
                0x00000434                CALLBACK_HID_Device_CreateHIDReport
 .text.__vector_23
                0x0000056a       0x72 Joystick.o
                0x0000056a                __vector_23
 .text.CDC_Device_ConfigureEndpoints
                0x000005dc       0x44 src/LUFA/LUFA/Drivers/USB/Class/Device/CDCClassDevice.o
                0x000005dc                CDC_Device_ConfigureEndpoints
 .text.CDC_Device_SendByte
                0x00000620       0x50 src/LUFA/LUFA/Drivers/USB/Class/Device/CDCClassDevice.o
                0x00000620                CDC_Device_SendByte
 .text.CDC_Device_Flush
                0x00000670       0x5c src/LUFA/LUFA/Drivers/USB/Class/Device/CDCClassDevice.o
                0x00000670                CDC_Device_Flush
 .text.CDC_Device_USBTask
                0x000006cc       0x2c src/LUFA/LUFA/Drivers/USB/Class/Device/CDCClassDevice.o
                0x000006cc                CDC_Device_USBTask
 .text.CDC_Device_ReceiveByte
                0x000006f8       0x6e src/LUFA/LUFA/Drivers/USB/Class/Device/CDCClassDevice.o
                0x000006f8                CDC_Device_ReceiveByte
 .text.CDC_Device_Event_Stub
                0x00000766        0x2 src/LUFA/LUFA/Drivers/USB/Class/Device/CDCClassDevice.o
                0x00000766                EVENT_CDC_Device_ControLineStateChanged
                0x00000766                EVENT_CDC_Device_BreakSent
                0x00000766                CDC_Device_Event_Stub
                0x00000766                EVENT_CDC_Device_LineEncodingChanged
 .text.CDC_Device_ProcessControlRequest
                0x00000768      0x13e src/LUFA/LUFA/Drivers/USB/Class/Device/CDCClassDevice.o
                0x00000768                CDC_Device_ProcessControlRequest
 .text.HID_Device_ProcessControlRequest
                0x000008a6      0x288 src/LUFA/LUFA/Drivers/USB/Class/Device/HIDClassDevice.o
                0x000008a6                HID_Device_ProcessControlRequest
 .text.HID_Device_ConfigureEndpoints
                0x00000b2e       0x28 src/LUFA/LUFA/Drivers/USB/Class/Device/HIDClassDevice.o
                0x00000b2e                HID_Device_ConfigureEndpoints
 .text.HID_Device_USBTask
                0x00000b56      0x17a src/LUFA/LUFA/Drivers/USB/Class/Device/HIDClassDevice.o
                0x00000b56                HID_Device_USBTask
 .text.Endpoint_Write_Stream_LE
                0x00000cd0       0xba src/LUFA/LUFA/Drivers/USB/Core/AVR8/EndpointStream_AVR8.o
                0x00000cd0                Endpoint_Write_Stream_LE
 .text.Endpoint_Write_Control_Stream_LE
                0x00000d8a       0xe8 src/LUFA/LUFA/Drivers/USB/Core/AVR8/EndpointStream_AVR8.o
                0x00000d8a                Endpoint_Write_Control_Stream_LE
 .text.Endpoint_Read_Control_Stream_LE
                0x00000e72       0xd6 src/LUFA/LUFA/Drivers/USB/Core/AVR8/EndpointStream_AVR8.o
                0x00000e72                Endpoint_Read_Control_Stream_LE
 .text.Endpoint_Write_Control_PStream_LE
                0x00000f48       0xee src/LUFA/LUFA/Drivers/USB/Core/AVR8/EndpointStream_AVR8.o
                0x00000f48                Endpoint_Write_Control_PStream_LE
 .text.Endpoint_ConfigureEndpoint_Prv
                0x00001036       0xc8 src/LUFA/LUFA/Drivers/USB/Core/AVR8/Endpoint_AVR8.o
                0x00001036                Endpoint_ConfigureEndpoint_Prv
 .text.Endpoint_ConfigureEndpointTable
                0x000010fe       0xba src/LUFA/LUFA/Drivers/USB/Core/AVR8/Endpoint_AVR8.o
                0x000010fe                Endpoint_ConfigureEndpointTable
 .text.Endpoint_ClearStatusStage
                0x000011b8       0x48 src/LUFA/LUFA/Drivers/USB/Core/AVR8/Endpoint_AVR8.o
                0x000011b8                Endpoint_ClearStatusStage
 .text.Endpoint_WaitUntilReady
                0x00001200       0x84 src/LUFA/LUFA/Drivers/USB/Core/AVR8/Endpoint_AVR8.o
                0x00001200                Endpoint_WaitUntilReady
 .text.USB_ResetInterface
                0x00001284       0x66 src/LUFA/LUFA/Drivers/USB/Core/AVR8/USBController_AVR8.o
                0x00001284                USB_ResetInterface
 .text.USB_Init
                0x000012ea       0x14 src/LUFA/LUFA/Drivers/USB/Core/AVR8/USBController_AVR8.o
                0x000012ea                USB_Init
 .text.USB_INT_DisableAllInterrupts
                0x000012fe        0x6 src/LUFA/LUFA/Drivers/USB/Core/AVR8/USBInterrupt_AVR8.o
                0x000012fe                USB_INT_DisableAllInterrupts
 .text.USB_INT_ClearAllInterrupts
                0x00001304        0x6 src/LUFA/LUFA/Drivers/USB/Core/AVR8/USBInterrupt_AVR8.o
                0x00001304                USB_INT_ClearAllInterrupts
 .text.__vector_11
                0x0000130a      0x142 src/LUFA/LUFA/Drivers/USB/Core/AVR8/USBInterrupt_AVR8.o
                0x0000130a                __vector_11
 .text.USB_Device_ProcessControlRequest
                0x0000144c      0x2ca src/LUFA/LUFA/Drivers/USB/Core/DeviceStandardReq.o
                0x0000144c                USB_Device_ProcessControlRequest
 .text.USB_Event_Stub
                0x00001716        0x2 src/LUFA/LUFA/Drivers/USB/Core/Events.o
                0x00001716                USB_Event_Stub
                0x00001716                EVENT_USB_Device_Suspend
                0x00001716                EVENT_USB_Device_Reset
                0x00001716                EVENT_USB_Device_WakeUp
 .text.USB_USBTask
                0x00001718       0x36 src/LUFA/LUFA/Drivers/USB/Core/USBTask.o
                0x00001718                USB_USBTask
 .text.libgcc   0x0000174e        0xc c:/program files/atmel/atmel toolchain/avr8 gcc/native/3.4.1051/avr8-gnu-toolchain/bin/../lib/gcc/avr/4.8.1/avr35\libgcc.a(_tablejump.o)
                0x0000174e                __tablejump2__
                0x00001752                __tablejump__
 .text.avr-libc
                0x0000175a       0x1a c:/program files/atmel/atmel toolchain/avr8 gcc/native/3.4.1051/avr8-gnu-toolchain/bin/../lib/gcc/avr/4.8.1/../../../../avr/lib/avr35\libc.a(memcmp.o)
                0x0000175a                memcmp
 .text.avr-libc
                0x00001774       0x12 c:/program files/atmel/atmel toolchain/avr8 gcc/native/3.4.1051/avr8-gnu-toolchain/bin/../lib/gcc/avr/4.8.1/../../../../avr/lib/avr35\libc.a(memcpy.o)
                0x00001774                memcpy
 .text.avr-libc
                0x00001786        0xe c:/program files/atmel/atmel toolchain/avr8 gcc/native/3.4.1051/avr8-gnu-toolchain/bin/../lib/gcc/avr/4.8.1/../../../../avr/lib/avr35\libc.a(memset.o)
                0x00001786                memset
                0x00001794                . = ALIGN (0x2)
 *(.fini9)
 .fini9         0x00001794        0x0 c:/program files/atmel/atmel toolchain/avr8 gcc/native/3.4.1051/avr8-gnu-toolchain/bin/../lib/gcc/avr/4.8.1/avr35\libgcc.a(_exit.o)
                0x00001794                _exit
                0x00001794                exit
 *(.fini9)
 *(.fini8)
 *(.fini8)
 *(.fini7)
 *(.fini7)
 *(.fini6)
 *(.fini6)
 *(.fini5)
 *(.fini5)
 *(.fini4)
 *(.fini4)
 *(.fini3)
 *(.fini3)
 *(.fini2)
 *(.fini2)
 *(.fini1)
 *(.fini1)
 *(.fini0)
 .fini0         0x00001794        0x4 c:/program files/atmel/atmel toolchain/avr8 gcc/native/3.4.1051/avr8-gnu-toolchain/bin/../lib/gcc/avr/4.8.1/avr35\libgcc.a(_exit.o)
 *(.fini0)
                0x00001798                _etext = .

.data           0x00800100       0x2c load address 0x00001798
                0x00800100                PROVIDE (__data_start, .)
 *(.data)
 .data          0x00800100        0x0 c:/program files/atmel/atmel toolchain/avr8 gcc/native/3.4.1051/avr8-gnu-toolchain/bin/../lib/gcc/avr/4.8.1/../../../../avr/lib/avr35/crtm16u2.o
 .data          0x00800100        0x0 Descriptors.o
 .data          0x00800100        0x0 src/LUFA/LUFA/Drivers/Peripheral/AVR8/Serial_AVR8.o
 .data          0x00800100        0x0 Joystick.o
 .data          0x00800100        0x0 src/LUFA/LUFA/Drivers/USB/Class/Common/HIDParser.o
 .data          0x00800100        0x0 src/LUFA/LUFA/Drivers/USB/Class/Device/AudioClassDevice.o
 .data          0x00800100        0x0 src/LUFA/LUFA/Drivers/USB/Class/Device/CDCClassDevice.o
 .data          0x00800100        0x0 src/LUFA/LUFA/Drivers/USB/Class/Device/HIDClassDevice.o
 .data          0x00800100        0x0 src/LUFA/LUFA/Drivers/USB/Class/Device/MassStorageClassDevice.o
 .data          0x00800100        0x0 src/LUFA/LUFA/Drivers/USB/Class/Device/MIDIClassDevice.o
 .data          0x00800100        0x0 src/LUFA/LUFA/Drivers/USB/Class/Device/PrinterClassDevice.o
 .data          0x00800100        0x0 src/LUFA/LUFA/Drivers/USB/Class/Device/RNDISClassDevice.o
 .data          0x00800100        0x0 src/LUFA/LUFA/Drivers/USB/Class/Host/AndroidAccessoryClassHost.o
 .data          0x00800100        0x0 src/LUFA/LUFA/Drivers/USB/Class/Host/AudioClassHost.o
 .data          0x00800100        0x0 src/LUFA/LUFA/Drivers/USB/Class/Host/CDCClassHost.o
 .data          0x00800100        0x0 src/LUFA/LUFA/Drivers/USB/Class/Host/HIDClassHost.o
 .data          0x00800100        0x0 src/LUFA/LUFA/Drivers/USB/Class/Host/MassStorageClassHost.o
 .data          0x00800100        0x0 src/LUFA/LUFA/Drivers/USB/Class/Host/MIDIClassHost.o
 .data          0x00800100        0x0 src/LUFA/LUFA/Drivers/USB/Class/Host/PrinterClassHost.o
 .data          0x00800100        0x0 src/LUFA/LUFA/Drivers/USB/Class/Host/RNDISClassHost.o
 .data          0x00800100        0x0 src/LUFA/LUFA/Drivers/USB/Class/Host/StillImageClassHost.o
 .data          0x00800100        0x0 src/LUFA/LUFA/Drivers/USB/Core/AVR8/Device_AVR8.o
 .data          0x00800100        0x0 src/LUFA/LUFA/Drivers/USB/Core/AVR8/EndpointStream_AVR8.o
 .data          0x00800100        0x0 src/LUFA/LUFA/Drivers/USB/Core/AVR8/Endpoint_AVR8.o
 .data          0x00800100        0x0 src/LUFA/LUFA/Drivers/USB/Core/AVR8/Host_AVR8.o
 .data          0x00800100        0x0 src/LUFA/LUFA/Drivers/USB/Core/AVR8/PipeStream_AVR8.o
 .data          0x00800100        0x0 src/LUFA/LUFA/Drivers/USB/Core/AVR8/Pipe_AVR8.o
 .data          0x00800100        0x0 src/LUFA/LUFA/Drivers/USB/Core/AVR8/Template/Template_Endpoint_Control_R.o
 .data          0x00800100        0x0 src/LUFA/LUFA/Drivers/USB/Core/AVR8/Template/Template_Endpoint_Control_W.o
 .data          0x00800100        0x0 src/LUFA/LUFA/Drivers/USB/Core/AVR8/Template/Template_Endpoint_RW.o
 .data          0x00800100        0x0 src/LUFA/LUFA/Drivers/USB/Core/AVR8/Template/Template_Pipe_RW.o
 .data          0x00800100        0x0 src/LUFA/LUFA/Drivers/USB/Core/AVR8/USBController_AVR8.o
 .data          0x00800100        0x0 src/LUFA/LUFA/Drivers/USB/Core/AVR8/USBInterrupt_AVR8.o
 .data          0x00800100        0x0 src/LUFA/LUFA/Drivers/USB/Core/ConfigDescriptors.o
 .data          0x00800100        0x0 src/LUFA/LUFA/Drivers/USB/Core/DeviceStandardReq.o
 .data          0x00800100        0x0 src/LUFA/LUFA/Drivers/USB/Core/Events.o
 .data          0x00800100        0x0 src/LUFA/LUFA/Drivers/USB/Core/HostStandardReq.o
 .data          0x00800100        0x0 src/LUFA/LUFA/Drivers/USB/Core/USBTask.o
 .data          0x00800100        0x0 c:/program files/atmel/atmel toolchain/avr8 gcc/native/3.4.1051/avr8-gnu-toolchain/bin/../lib/gcc/avr/4.8.1/avr35\libgcc.a(_exit.o)
 .data          0x00800100        0x0 c:/program files/atmel/atmel toolchain/avr8 gcc/native/3.4.1051/avr8-gnu-toolchain/bin/../lib/gcc/avr/4.8.1/avr35\libgcc.a(_tablejump.o)
 .data          0x00800100        0x0 c:/program files/atmel/atmel toolchain/avr8 gcc/native/3.4.1051/avr8-gnu-toolchain/bin/../lib/gcc/avr/4.8.1/avr35\libgcc.a(_copy_data.o)
 .data          0x00800100        0x0 c:/program files/atmel/atmel toolchain/avr8 gcc/native/3.4.1051/avr8-gnu-toolchain/bin/../lib/gcc/avr/4.8.1/avr35\libgcc.a(_clear_bss.o)
 .data          0x00800100        0x0 c:/program files/atmel/atmel toolchain/avr8 gcc/native/3.4.1051/avr8-gnu-toolchain/bin/../lib/gcc/avr/4.8.1/../../../../avr/lib/avr35\libc.a(memcpy_P.o)
 .data          0x00800100        0x0 c:/program files/atmel/atmel toolchain/avr8 gcc/native/3.4.1051/avr8-gnu-toolchain/bin/../lib/gcc/avr/4.8.1/../../../../avr/lib/avr35\libc.a(memcmp.o)
 .data          0x00800100        0x0 c:/program files/atmel/atmel toolchain/avr8 gcc/native/3.4.1051/avr8-gnu-toolchain/bin/../lib/gcc/avr/4.8.1/../../../../avr/lib/avr35\libc.a(memcpy.o)
 .data          0x00800100        0x0 c:/program files/atmel/atmel toolchain/avr8 gcc/native/3.4.1051/avr8-gnu-toolchain/bin/../lib/gcc/avr/4.8.1/../../../../avr/lib/avr35\libc.a(memset.o)
 .data          0x00800100        0x0 c:/program files/atmel/atmel toolchain/avr8 gcc/native/3.4.1051/avr8-gnu-toolchain/bin/../lib/gcc/avr/4.8.1/../../../../avr/lib/avr35\libc.a(iob.o)
 .data          0x00800100        0x0 c:/program files/atmel/atmel toolchain/avr8 gcc/native/3.4.1051/avr8-gnu-toolchain/bin/../lib/gcc/avr/4.8.1/../../../../avr/lib/avr35\libc.a(eerd_byte_atmega16u2.o)
 .data          0x00800100        0x0 c:/program files/atmel/atmel toolchain/avr8 gcc/native/3.4.1051/avr8-gnu-toolchain/bin/../lib/gcc/avr/4.8.1/../../../../avr/lib/avr35\libc.a(eeupd_byte_atmega16u2.o)
 *(.data*)
 .data.VirtualSerial_CDC_Interface
                0x00800100       0x1b Joystick.o
                0x00800100                VirtualSerial_CDC_Interface
 .data.Joystick_HID_Interface
                0x0080011b       0x10 Joystick.o
                0x0080011b                Joystick_HID_Interface
 *(.rodata)
 *(.rodata*)
 *(.gnu.linkonce.d*)
                0x0080012c                . = ALIGN (0x2)
 *fill*         0x0080012b        0x1 
                0x0080012c                _edata = .
                0x0080012c                PROVIDE (__data_end, .)

.bss            0x0080012c      0x11f
                0x0080012c                PROVIDE (__bss_start, .)
 *(.bss)
 *(.bss*)
 .bss.PrevJoystickHIDReportBuffer
                0x0080012c        0x7 Joystick.o
 *(COMMON)
 COMMON         0x00800133      0x10b Joystick.o
                0x00800133                joyReport
                0x0080013a                USARTtoUSB_Buffer
 COMMON         0x0080023e        0x3 src/LUFA/LUFA/Drivers/USB/Core/DeviceStandardReq.o
                0x0080023e                USB_Device_ConfigurationNumber
                0x0080023f                USB_Device_CurrentlySelfPowered
                0x00800240                USB_Device_RemoteWakeupEnabled
 COMMON         0x00800241        0xa src/LUFA/LUFA/Drivers/USB/Core/USBTask.o
                0x00800241                USB_IsInitialized
                0x00800242                USB_DeviceState
                0x00800243                USB_ControlRequest
                0x0080024b                PROVIDE (__bss_end, .)
                0x00001798                __data_load_start = LOADADDR (.data)
                0x000017c4                __data_load_end = (__data_load_start + SIZEOF (.data))

.noinit         0x0080024b        0x0
                0x0080024b                PROVIDE (__noinit_start, .)
 *(.noinit*)
                0x0080024b                PROVIDE (__noinit_end, .)
                0x0080024b                _end = .
                0x0080024b                PROVIDE (__heap_start, .)

.eeprom         0x00810000        0x0
 *(.eeprom*)
                0x00810000                __eeprom_end = .

.fuse
 *(.fuse)
 *(.lfuse)
 *(.hfuse)
 *(.efuse)

.lock
 *(.lock*)

.signature
 *(.signature*)

.user_signatures
 *(.user_signatures*)

.stab
 *(.stab)

.stabstr
 *(.stabstr)

.stab.excl
 *(.stab.excl)

.stab.exclstr
 *(.stab.exclstr)

.stab.index
 *(.stab.index)

.stab.indexstr
 *(.stab.indexstr)

.comment        0x00000000       0x30
 *(.comment)
 .comment       0x00000000       0x30 Descriptors.o
                                 0x31 (size before relaxing)
 .comment       0x00000000       0x31 src/LUFA/LUFA/Drivers/Peripheral/AVR8/Serial_AVR8.o
 .comment       0x00000000       0x31 Joystick.o
 .comment       0x00000000       0x31 src/LUFA/LUFA/Drivers/USB/Class/Common/HIDParser.o
 .comment       0x00000000       0x31 src/LUFA/LUFA/Drivers/USB/Class/Device/AudioClassDevice.o
 .comment       0x00000000       0x31 src/LUFA/LUFA/Drivers/USB/Class/Device/CDCClassDevice.o
 .comment       0x00000000       0x31 src/LUFA/LUFA/Drivers/USB/Class/Device/HIDClassDevice.o
 .comment       0x00000000       0x31 src/LUFA/LUFA/Drivers/USB/Class/Device/MassStorageClassDevice.o
 .comment       0x00000000       0x31 src/LUFA/LUFA/Drivers/USB/Class/Device/MIDIClassDevice.o
 .comment       0x00000000       0x31 src/LUFA/LUFA/Drivers/USB/Class/Device/PrinterClassDevice.o
 .comment       0x00000000       0x31 src/LUFA/LUFA/Drivers/USB/Class/Device/RNDISClassDevice.o
 .comment       0x00000000       0x31 src/LUFA/LUFA/Drivers/USB/Class/Host/AndroidAccessoryClassHost.o
 .comment       0x00000000       0x31 src/LUFA/LUFA/Drivers/USB/Class/Host/AudioClassHost.o
 .comment       0x00000000       0x31 src/LUFA/LUFA/Drivers/USB/Class/Host/CDCClassHost.o
 .comment       0x00000000       0x31 src/LUFA/LUFA/Drivers/USB/Class/Host/HIDClassHost.o
 .comment       0x00000000       0x31 src/LUFA/LUFA/Drivers/USB/Class/Host/MassStorageClassHost.o
 .comment       0x00000000       0x31 src/LUFA/LUFA/Drivers/USB/Class/Host/MIDIClassHost.o
 .comment       0x00000000       0x31 src/LUFA/LUFA/Drivers/USB/Class/Host/PrinterClassHost.o
 .comment       0x00000000       0x31 src/LUFA/LUFA/Drivers/USB/Class/Host/RNDISClassHost.o
 .comment       0x00000000       0x31 src/LUFA/LUFA/Drivers/USB/Class/Host/StillImageClassHost.o
 .comment       0x00000000       0x31 src/LUFA/LUFA/Drivers/USB/Core/AVR8/Device_AVR8.o
 .comment       0x00000000       0x31 src/LUFA/LUFA/Drivers/USB/Core/AVR8/EndpointStream_AVR8.o
 .comment       0x00000000       0x31 src/LUFA/LUFA/Drivers/USB/Core/AVR8/Endpoint_AVR8.o
 .comment       0x00000000       0x31 src/LUFA/LUFA/Drivers/USB/Core/AVR8/Host_AVR8.o
 .comment       0x00000000       0x31 src/LUFA/LUFA/Drivers/USB/Core/AVR8/PipeStream_AVR8.o
 .comment       0x00000000       0x31 src/LUFA/LUFA/Drivers/USB/Core/AVR8/Pipe_AVR8.o
 .comment       0x00000000       0x31 src/LUFA/LUFA/Drivers/USB/Core/AVR8/Template/Template_Endpoint_Control_R.o
 .comment       0x00000000       0x31 src/LUFA/LUFA/Drivers/USB/Core/AVR8/Template/Template_Endpoint_Control_W.o
 .comment       0x00000000       0x31 src/LUFA/LUFA/Drivers/USB/Core/AVR8/Template/Template_Endpoint_RW.o
 .comment       0x00000000       0x31 src/LUFA/LUFA/Drivers/USB/Core/AVR8/Template/Template_Pipe_RW.o
 .comment       0x00000000       0x31 src/LUFA/LUFA/Drivers/USB/Core/AVR8/USBController_AVR8.o
 .comment       0x00000000       0x31 src/LUFA/LUFA/Drivers/USB/Core/AVR8/USBInterrupt_AVR8.o
 .comment       0x00000000       0x31 src/LUFA/LUFA/Drivers/USB/Core/ConfigDescriptors.o
 .comment       0x00000000       0x31 src/LUFA/LUFA/Drivers/USB/Core/DeviceStandardReq.o
 .comment       0x00000000       0x31 src/LUFA/LUFA/Drivers/USB/Core/Events.o
 .comment       0x00000000       0x31 src/LUFA/LUFA/Drivers/USB/Core/HostStandardReq.o
 .comment       0x00000000       0x31 src/LUFA/LUFA/Drivers/USB/Core/USBTask.o
 .comment       0x00000000       0x31 c:/program files/atmel/atmel toolchain/avr8 gcc/native/3.4.1051/avr8-gnu-toolchain/bin/../lib/gcc/avr/4.8.1/../../../../avr/lib/avr35\libc.a(iob.o)

.note.gnu.build-id
 *(.note.gnu.build-id)

.debug
 *(.debug)

.line
 *(.line)

.debug_srcinfo
 *(.debug_srcinfo)

.debug_sfnames
 *(.debug_sfnames)

.debug_aranges  0x00000000      0x720
 *(.debug_aranges)
 .debug_aranges
                0x00000000       0x20 Descriptors.o
 .debug_aranges
                0x00000020       0x58 src/LUFA/LUFA/Drivers/Peripheral/AVR8/Serial_AVR8.o
 .debug_aranges
                0x00000078       0x78 Joystick.o
 .debug_aranges
                0x000000f0       0x38 src/LUFA/LUFA/Drivers/USB/Class/Common/HIDParser.o
 .debug_aranges
                0x00000128       0x30 src/LUFA/LUFA/Drivers/USB/Class/Device/AudioClassDevice.o
 .debug_aranges
                0x00000158       0x98 src/LUFA/LUFA/Drivers/USB/Class/Device/CDCClassDevice.o
 .debug_aranges
                0x000001f0       0x30 src/LUFA/LUFA/Drivers/USB/Class/Device/HIDClassDevice.o
 .debug_aranges
                0x00000220       0x30 src/LUFA/LUFA/Drivers/USB/Class/Device/MassStorageClassDevice.o
 .debug_aranges
                0x00000250       0x40 src/LUFA/LUFA/Drivers/USB/Class/Device/MIDIClassDevice.o
 .debug_aranges
                0x00000290       0x90 src/LUFA/LUFA/Drivers/USB/Class/Device/PrinterClassDevice.o
 .debug_aranges
                0x00000320       0x48 src/LUFA/LUFA/Drivers/USB/Class/Device/RNDISClassDevice.o
 .debug_aranges
                0x00000368       0x18 src/LUFA/LUFA/Drivers/USB/Class/Host/AndroidAccessoryClassHost.o
 .debug_aranges
                0x00000380       0x18 src/LUFA/LUFA/Drivers/USB/Class/Host/AudioClassHost.o
 .debug_aranges
                0x00000398       0x18 src/LUFA/LUFA/Drivers/USB/Class/Host/CDCClassHost.o
 .debug_aranges
                0x000003b0       0x18 src/LUFA/LUFA/Drivers/USB/Class/Host/HIDClassHost.o
 .debug_aranges
                0x000003c8       0x18 src/LUFA/LUFA/Drivers/USB/Class/Host/MassStorageClassHost.o
 .debug_aranges
                0x000003e0       0x18 src/LUFA/LUFA/Drivers/USB/Class/Host/MIDIClassHost.o
 .debug_aranges
                0x000003f8       0x18 src/LUFA/LUFA/Drivers/USB/Class/Host/PrinterClassHost.o
 .debug_aranges
                0x00000410       0x18 src/LUFA/LUFA/Drivers/USB/Class/Host/RNDISClassHost.o
 .debug_aranges
                0x00000428       0x18 src/LUFA/LUFA/Drivers/USB/Class/Host/StillImageClassHost.o
 .debug_aranges
                0x00000440       0x20 src/LUFA/LUFA/Drivers/USB/Core/AVR8/Device_AVR8.o
 .debug_aranges
                0x00000460       0xc8 src/LUFA/LUFA/Drivers/USB/Core/AVR8/EndpointStream_AVR8.o
 .debug_aranges
                0x00000528       0x40 src/LUFA/LUFA/Drivers/USB/Core/AVR8/Endpoint_AVR8.o
 .debug_aranges
                0x00000568       0x18 src/LUFA/LUFA/Drivers/USB/Core/AVR8/Host_AVR8.o
 .debug_aranges
                0x00000580       0x18 src/LUFA/LUFA/Drivers/USB/Core/AVR8/PipeStream_AVR8.o
 .debug_aranges
                0x00000598       0x18 src/LUFA/LUFA/Drivers/USB/Core/AVR8/Pipe_AVR8.o
 .debug_aranges
                0x000005b0       0x18 src/LUFA/LUFA/Drivers/USB/Core/AVR8/Template/Template_Endpoint_Control_R.o
 .debug_aranges
                0x000005c8       0x18 src/LUFA/LUFA/Drivers/USB/Core/AVR8/Template/Template_Endpoint_Control_W.o
 .debug_aranges
                0x000005e0       0x18 src/LUFA/LUFA/Drivers/USB/Core/AVR8/Template/Template_Endpoint_RW.o
 .debug_aranges
                0x000005f8       0x18 src/LUFA/LUFA/Drivers/USB/Core/AVR8/Template/Template_Pipe_RW.o
 .debug_aranges
                0x00000610       0x30 src/LUFA/LUFA/Drivers/USB/Core/AVR8/USBController_AVR8.o
 .debug_aranges
                0x00000640       0x30 src/LUFA/LUFA/Drivers/USB/Core/AVR8/USBInterrupt_AVR8.o
 .debug_aranges
                0x00000670       0x38 src/LUFA/LUFA/Drivers/USB/Core/ConfigDescriptors.o
 .debug_aranges
                0x000006a8       0x20 src/LUFA/LUFA/Drivers/USB/Core/DeviceStandardReq.o
 .debug_aranges
                0x000006c8       0x20 src/LUFA/LUFA/Drivers/USB/Core/Events.o
 .debug_aranges
                0x000006e8       0x18 src/LUFA/LUFA/Drivers/USB/Core/HostStandardReq.o
 .debug_aranges
                0x00000700       0x20 src/LUFA/LUFA/Drivers/USB/Core/USBTask.o

.debug_pubnames
 *(.debug_pubnames)

.debug_info     0x00000000     0xb307
 *(.debug_info .gnu.linkonce.wi.*)
 .debug_info    0x00000000      0x95d Descriptors.o
 .debug_info    0x0000095d      0x43f src/LUFA/LUFA/Drivers/Peripheral/AVR8/Serial_AVR8.o
 .debug_info    0x00000d9c      0xf19 Joystick.o
 .debug_info    0x00001cb5      0x746 src/LUFA/LUFA/Drivers/USB/Class/Common/HIDParser.o
 .debug_info    0x000023fb      0x933 src/LUFA/LUFA/Drivers/USB/Class/Device/AudioClassDevice.o
 .debug_info    0x00002d2e      0xe70 src/LUFA/LUFA/Drivers/USB/Class/Device/CDCClassDevice.o
 .debug_info    0x00003b9e      0xa22 src/LUFA/LUFA/Drivers/USB/Class/Device/HIDClassDevice.o
 .debug_info    0x000045c0      0x986 src/LUFA/LUFA/Drivers/USB/Class/Device/MassStorageClassDevice.o
 .debug_info    0x00004f46      0x61c src/LUFA/LUFA/Drivers/USB/Class/Device/MIDIClassDevice.o
 .debug_info    0x00005562      0xce9 src/LUFA/LUFA/Drivers/USB/Class/Device/PrinterClassDevice.o
 .debug_info    0x0000624b     0x118f src/LUFA/LUFA/Drivers/USB/Class/Device/RNDISClassDevice.o
 .debug_info    0x000073da       0x5a src/LUFA/LUFA/Drivers/USB/Class/Host/AndroidAccessoryClassHost.o
 .debug_info    0x00007434       0x5a src/LUFA/LUFA/Drivers/USB/Class/Host/AudioClassHost.o
 .debug_info    0x0000748e       0x5a src/LUFA/LUFA/Drivers/USB/Class/Host/CDCClassHost.o
 .debug_info    0x000074e8       0x5a src/LUFA/LUFA/Drivers/USB/Class/Host/HIDClassHost.o
 .debug_info    0x00007542       0x5a src/LUFA/LUFA/Drivers/USB/Class/Host/MassStorageClassHost.o
 .debug_info    0x0000759c       0x5a src/LUFA/LUFA/Drivers/USB/Class/Host/MIDIClassHost.o
 .debug_info    0x000075f6       0x5a src/LUFA/LUFA/Drivers/USB/Class/Host/PrinterClassHost.o
 .debug_info    0x00007650       0x5a src/LUFA/LUFA/Drivers/USB/Class/Host/RNDISClassHost.o
 .debug_info    0x000076aa       0x5a src/LUFA/LUFA/Drivers/USB/Class/Host/StillImageClassHost.o
 .debug_info    0x00007704       0xd6 src/LUFA/LUFA/Drivers/USB/Core/AVR8/Device_AVR8.o
 .debug_info    0x000077da     0x17aa src/LUFA/LUFA/Drivers/USB/Core/AVR8/EndpointStream_AVR8.o
 .debug_info    0x00008f84      0x612 src/LUFA/LUFA/Drivers/USB/Core/AVR8/Endpoint_AVR8.o
 .debug_info    0x00009596       0x5a src/LUFA/LUFA/Drivers/USB/Core/AVR8/Host_AVR8.o
 .debug_info    0x000095f0       0x5a src/LUFA/LUFA/Drivers/USB/Core/AVR8/PipeStream_AVR8.o
 .debug_info    0x0000964a       0x5a src/LUFA/LUFA/Drivers/USB/Core/AVR8/Pipe_AVR8.o
 .debug_info    0x000096a4       0x21 src/LUFA/LUFA/Drivers/USB/Core/AVR8/Template/Template_Endpoint_Control_R.o
 .debug_info    0x000096c5       0x21 src/LUFA/LUFA/Drivers/USB/Core/AVR8/Template/Template_Endpoint_Control_W.o
 .debug_info    0x000096e6       0x21 src/LUFA/LUFA/Drivers/USB/Core/AVR8/Template/Template_Endpoint_RW.o
 .debug_info    0x00009707       0x21 src/LUFA/LUFA/Drivers/USB/Core/AVR8/Template/Template_Pipe_RW.o
 .debug_info    0x00009728      0x46d src/LUFA/LUFA/Drivers/USB/Core/AVR8/USBController_AVR8.o
 .debug_info    0x00009b95      0x5bb src/LUFA/LUFA/Drivers/USB/Core/AVR8/USBInterrupt_AVR8.o
 .debug_info    0x0000a150      0x3ea src/LUFA/LUFA/Drivers/USB/Core/ConfigDescriptors.o
 .debug_info    0x0000a53a      0xa88 src/LUFA/LUFA/Drivers/USB/Core/DeviceStandardReq.o
 .debug_info    0x0000afc2       0x7c src/LUFA/LUFA/Drivers/USB/Core/Events.o
 .debug_info    0x0000b03e       0x5a src/LUFA/LUFA/Drivers/USB/Core/HostStandardReq.o
 .debug_info    0x0000b098      0x26f src/LUFA/LUFA/Drivers/USB/Core/USBTask.o

.debug_abbrev   0x00000000     0x2dde
 *(.debug_abbrev)
 .debug_abbrev  0x00000000      0x17a Descriptors.o
 .debug_abbrev  0x0000017a      0x1e1 src/LUFA/LUFA/Drivers/Peripheral/AVR8/Serial_AVR8.o
 .debug_abbrev  0x0000035b      0x419 Joystick.o
 .debug_abbrev  0x00000774      0x221 src/LUFA/LUFA/Drivers/USB/Class/Common/HIDParser.o
 .debug_abbrev  0x00000995      0x201 src/LUFA/LUFA/Drivers/USB/Class/Device/AudioClassDevice.o
 .debug_abbrev  0x00000b96      0x418 src/LUFA/LUFA/Drivers/USB/Class/Device/CDCClassDevice.o
 .debug_abbrev  0x00000fae      0x260 src/LUFA/LUFA/Drivers/USB/Class/Device/HIDClassDevice.o
 .debug_abbrev  0x0000120e      0x2a8 src/LUFA/LUFA/Drivers/USB/Class/Device/MassStorageClassDevice.o
 .debug_abbrev  0x000014b6      0x235 src/LUFA/LUFA/Drivers/USB/Class/Device/MIDIClassDevice.o
 .debug_abbrev  0x000016eb      0x32d src/LUFA/LUFA/Drivers/USB/Class/Device/PrinterClassDevice.o
 .debug_abbrev  0x00001a18      0x364 src/LUFA/LUFA/Drivers/USB/Class/Device/RNDISClassDevice.o
 .debug_abbrev  0x00001d7c       0x29 src/LUFA/LUFA/Drivers/USB/Class/Host/AndroidAccessoryClassHost.o
 .debug_abbrev  0x00001da5       0x29 src/LUFA/LUFA/Drivers/USB/Class/Host/AudioClassHost.o
 .debug_abbrev  0x00001dce       0x29 src/LUFA/LUFA/Drivers/USB/Class/Host/CDCClassHost.o
 .debug_abbrev  0x00001df7       0x29 src/LUFA/LUFA/Drivers/USB/Class/Host/HIDClassHost.o
 .debug_abbrev  0x00001e20       0x29 src/LUFA/LUFA/Drivers/USB/Class/Host/MassStorageClassHost.o
 .debug_abbrev  0x00001e49       0x29 src/LUFA/LUFA/Drivers/USB/Class/Host/MIDIClassHost.o
 .debug_abbrev  0x00001e72       0x29 src/LUFA/LUFA/Drivers/USB/Class/Host/PrinterClassHost.o
 .debug_abbrev  0x00001e9b       0x29 src/LUFA/LUFA/Drivers/USB/Class/Host/RNDISClassHost.o
 .debug_abbrev  0x00001ec4       0x29 src/LUFA/LUFA/Drivers/USB/Class/Host/StillImageClassHost.o
 .debug_abbrev  0x00001eed       0x83 src/LUFA/LUFA/Drivers/USB/Core/AVR8/Device_AVR8.o
 .debug_abbrev  0x00001f70      0x218 src/LUFA/LUFA/Drivers/USB/Core/AVR8/EndpointStream_AVR8.o
 .debug_abbrev  0x00002188      0x223 src/LUFA/LUFA/Drivers/USB/Core/AVR8/Endpoint_AVR8.o
 .debug_abbrev  0x000023ab       0x29 src/LUFA/LUFA/Drivers/USB/Core/AVR8/Host_AVR8.o
 .debug_abbrev  0x000023d4       0x29 src/LUFA/LUFA/Drivers/USB/Core/AVR8/PipeStream_AVR8.o
 .debug_abbrev  0x000023fd       0x29 src/LUFA/LUFA/Drivers/USB/Core/AVR8/Pipe_AVR8.o
 .debug_abbrev  0x00002426       0x13 src/LUFA/LUFA/Drivers/USB/Core/AVR8/Template/Template_Endpoint_Control_R.o
 .debug_abbrev  0x00002439       0x13 src/LUFA/LUFA/Drivers/USB/Core/AVR8/Template/Template_Endpoint_Control_W.o
 .debug_abbrev  0x0000244c       0x13 src/LUFA/LUFA/Drivers/USB/Core/AVR8/Template/Template_Endpoint_RW.o
 .debug_abbrev  0x0000245f       0x13 src/LUFA/LUFA/Drivers/USB/Core/AVR8/Template/Template_Pipe_RW.o
 .debug_abbrev  0x00002472      0x182 src/LUFA/LUFA/Drivers/USB/Core/AVR8/USBController_AVR8.o
 .debug_abbrev  0x000025f4      0x1d8 src/LUFA/LUFA/Drivers/USB/Core/AVR8/USBInterrupt_AVR8.o
 .debug_abbrev  0x000027cc      0x192 src/LUFA/LUFA/Drivers/USB/Core/ConfigDescriptors.o
 .debug_abbrev  0x0000295e      0x2a5 src/LUFA/LUFA/Drivers/USB/Core/DeviceStandardReq.o
 .debug_abbrev  0x00002c03       0x47 src/LUFA/LUFA/Drivers/USB/Core/Events.o
 .debug_abbrev  0x00002c4a       0x29 src/LUFA/LUFA/Drivers/USB/Core/HostStandardReq.o
 .debug_abbrev  0x00002c73      0x16b src/LUFA/LUFA/Drivers/USB/Core/USBTask.o

.debug_line     0x00000000    0x14eca
 *(.debug_line .debug_line.* .debug_line_end)
 .debug_line    0x00000000      0xcca Descriptors.o
 .debug_line    0x00000cca      0x76d src/LUFA/LUFA/Drivers/Peripheral/AVR8/Serial_AVR8.o
 .debug_line    0x00001437     0x1288 Joystick.o
 .debug_line    0x000026bf      0xa2b src/LUFA/LUFA/Drivers/USB/Class/Common/HIDParser.o
 .debug_line    0x000030ea      0xfd4 src/LUFA/LUFA/Drivers/USB/Class/Device/AudioClassDevice.o
 .debug_line    0x000040be     0x138d src/LUFA/LUFA/Drivers/USB/Class/Device/CDCClassDevice.o
 .debug_line    0x0000544b     0x10c0 src/LUFA/LUFA/Drivers/USB/Class/Device/HIDClassDevice.o
 .debug_line    0x0000650b     0x10ac src/LUFA/LUFA/Drivers/USB/Class/Device/MassStorageClassDevice.o
 .debug_line    0x000075b7      0xfa5 src/LUFA/LUFA/Drivers/USB/Class/Device/MIDIClassDevice.o
 .debug_line    0x0000855c     0x12d1 src/LUFA/LUFA/Drivers/USB/Class/Device/PrinterClassDevice.o
 .debug_line    0x0000982d     0x12a0 src/LUFA/LUFA/Drivers/USB/Class/Device/RNDISClassDevice.o
 .debug_line    0x0000aacd      0x495 src/LUFA/LUFA/Drivers/USB/Class/Host/AndroidAccessoryClassHost.o
 .debug_line    0x0000af62      0x48a src/LUFA/LUFA/Drivers/USB/Class/Host/AudioClassHost.o
 .debug_line    0x0000b3ec      0x488 src/LUFA/LUFA/Drivers/USB/Class/Host/CDCClassHost.o
 .debug_line    0x0000b874      0x488 src/LUFA/LUFA/Drivers/USB/Class/Host/HIDClassHost.o
 .debug_line    0x0000bcfc      0x490 src/LUFA/LUFA/Drivers/USB/Class/Host/MassStorageClassHost.o
 .debug_line    0x0000c18c      0x489 src/LUFA/LUFA/Drivers/USB/Class/Host/MIDIClassHost.o
 .debug_line    0x0000c615      0x48c src/LUFA/LUFA/Drivers/USB/Class/Host/PrinterClassHost.o
 .debug_line    0x0000caa1      0x48a src/LUFA/LUFA/Drivers/USB/Class/Host/RNDISClassHost.o
 .debug_line    0x0000cf2b      0x48f src/LUFA/LUFA/Drivers/USB/Class/Host/StillImageClassHost.o
 .debug_line    0x0000d3ba      0x913 src/LUFA/LUFA/Drivers/USB/Core/AVR8/Device_AVR8.o
 .debug_line    0x0000dccd     0x2030 src/LUFA/LUFA/Drivers/USB/Core/AVR8/EndpointStream_AVR8.o
 .debug_line    0x0000fcfd      0xc92 src/LUFA/LUFA/Drivers/USB/Core/AVR8/Endpoint_AVR8.o
 .debug_line    0x0001098f      0x472 src/LUFA/LUFA/Drivers/USB/Core/AVR8/Host_AVR8.o
 .debug_line    0x00010e01      0x478 src/LUFA/LUFA/Drivers/USB/Core/AVR8/PipeStream_AVR8.o
 .debug_line    0x00011279      0x472 src/LUFA/LUFA/Drivers/USB/Core/AVR8/Pipe_AVR8.o
 .debug_line    0x000116eb       0x6b src/LUFA/LUFA/Drivers/USB/Core/AVR8/Template/Template_Endpoint_Control_R.o
 .debug_line    0x00011756       0x6b src/LUFA/LUFA/Drivers/USB/Core/AVR8/Template/Template_Endpoint_Control_W.o
 .debug_line    0x000117c1       0x64 src/LUFA/LUFA/Drivers/USB/Core/AVR8/Template/Template_Endpoint_RW.o
 .debug_line    0x00011825       0x60 src/LUFA/LUFA/Drivers/USB/Core/AVR8/Template/Template_Pipe_RW.o
 .debug_line    0x00011885      0x888 src/LUFA/LUFA/Drivers/USB/Core/AVR8/USBController_AVR8.o
 .debug_line    0x0001210d      0xa4c src/LUFA/LUFA/Drivers/USB/Core/AVR8/USBInterrupt_AVR8.o
 .debug_line    0x00012b59      0x8a9 src/LUFA/LUFA/Drivers/USB/Core/ConfigDescriptors.o
 .debug_line    0x00013402      0xa5f src/LUFA/LUFA/Drivers/USB/Core/DeviceStandardReq.o
 .debug_line    0x00013e61      0x454 src/LUFA/LUFA/Drivers/USB/Core/Events.o
 .debug_line    0x000142b5      0x441 src/LUFA/LUFA/Drivers/USB/Core/HostStandardReq.o
 .debug_line    0x000146f6      0x7d4 src/LUFA/LUFA/Drivers/USB/Core/USBTask.o

.debug_frame    0x00000000     0x128c
 *(.debug_frame)
 .debug_frame   0x00000000       0x24 Descriptors.o
 .debug_frame   0x00000024       0xb8 src/LUFA/LUFA/Drivers/Peripheral/AVR8/Serial_AVR8.o
 .debug_frame   0x000000dc      0x178 Joystick.o
 .debug_frame   0x00000254      0x114 src/LUFA/LUFA/Drivers/USB/Class/Common/HIDParser.o
 .debug_frame   0x00000368       0xac src/LUFA/LUFA/Drivers/USB/Class/Device/AudioClassDevice.o
 .debug_frame   0x00000414      0x168 src/LUFA/LUFA/Drivers/USB/Class/Device/CDCClassDevice.o
 .debug_frame   0x0000057c       0xf4 src/LUFA/LUFA/Drivers/USB/Class/Device/HIDClassDevice.o
 .debug_frame   0x00000670       0x80 src/LUFA/LUFA/Drivers/USB/Class/Device/MassStorageClassDevice.o
 .debug_frame   0x000006f0       0x70 src/LUFA/LUFA/Drivers/USB/Class/Device/MIDIClassDevice.o
 .debug_frame   0x00000760      0x13c src/LUFA/LUFA/Drivers/USB/Class/Device/PrinterClassDevice.o
 .debug_frame   0x0000089c      0x108 src/LUFA/LUFA/Drivers/USB/Class/Device/RNDISClassDevice.o
 .debug_frame   0x000009a4       0x24 src/LUFA/LUFA/Drivers/USB/Core/AVR8/Device_AVR8.o
 .debug_frame   0x000009c8      0x5b4 src/LUFA/LUFA/Drivers/USB/Core/AVR8/EndpointStream_AVR8.o
 .debug_frame   0x00000f7c       0xec src/LUFA/LUFA/Drivers/USB/Core/AVR8/Endpoint_AVR8.o
 .debug_frame   0x00001068       0x44 src/LUFA/LUFA/Drivers/USB/Core/AVR8/USBController_AVR8.o
 .debug_frame   0x000010ac       0x8c src/LUFA/LUFA/Drivers/USB/Core/AVR8/USBInterrupt_AVR8.o
 .debug_frame   0x00001138       0xc4 src/LUFA/LUFA/Drivers/USB/Core/ConfigDescriptors.o
 .debug_frame   0x000011fc       0x40 src/LUFA/LUFA/Drivers/USB/Core/DeviceStandardReq.o
 .debug_frame   0x0000123c       0x24 src/LUFA/LUFA/Drivers/USB/Core/Events.o
 .debug_frame   0x00001260       0x2c src/LUFA/LUFA/Drivers/USB/Core/USBTask.o

.debug_str      0x00000000    0x17994
 *(.debug_str)
 .debug_str     0x00000000    0x12a18 Descriptors.o
                              0x12d05 (size before relaxing)
 .debug_str     0x00012a18      0x95a src/LUFA/LUFA/Drivers/Peripheral/AVR8/Serial_AVR8.o
                               0xc5ad (size before relaxing)
 .debug_str     0x00013372     0x11ed Joystick.o
                              0x13bd1 (size before relaxing)
 .debug_str     0x0001455f      0x47c src/LUFA/LUFA/Drivers/USB/Class/Common/HIDParser.o
                               0xfb4a (size before relaxing)
 .debug_str     0x000149db      0x42e src/LUFA/LUFA/Drivers/USB/Class/Device/AudioClassDevice.o
                              0x12568 (size before relaxing)
 .debug_str     0x00014e09      0x4f0 src/LUFA/LUFA/Drivers/USB/Class/Device/CDCClassDevice.o
                              0x128bb (size before relaxing)
 .debug_str     0x000152f9      0x14b src/LUFA/LUFA/Drivers/USB/Class/Device/HIDClassDevice.o
                              0x125b8 (size before relaxing)
 .debug_str     0x00015444      0x30f src/LUFA/LUFA/Drivers/USB/Class/Device/MassStorageClassDevice.o
                              0x126c6 (size before relaxing)
 .debug_str     0x00015753      0x13c src/LUFA/LUFA/Drivers/USB/Class/Device/MIDIClassDevice.o
                              0x12511 (size before relaxing)
 .debug_str     0x0001588f      0x293 src/LUFA/LUFA/Drivers/USB/Class/Device/PrinterClassDevice.o
                              0x127f4 (size before relaxing)
 .debug_str     0x00015b22      0x716 src/LUFA/LUFA/Drivers/USB/Class/Device/RNDISClassDevice.o
                              0x12c1b (size before relaxing)
 .debug_str     0x00016238       0x44 src/LUFA/LUFA/Drivers/USB/Class/Host/AndroidAccessoryClassHost.o
                               0xb804 (size before relaxing)
 .debug_str     0x0001627c       0x39 src/LUFA/LUFA/Drivers/USB/Class/Host/AudioClassHost.o
                               0xb7f9 (size before relaxing)
 .debug_str     0x000162b5       0x37 src/LUFA/LUFA/Drivers/USB/Class/Host/CDCClassHost.o
                               0xb7f7 (size before relaxing)
 .debug_str     0x000162ec       0x37 src/LUFA/LUFA/Drivers/USB/Class/Host/HIDClassHost.o
                               0xb7f7 (size before relaxing)
 .debug_str     0x00016323       0x3f src/LUFA/LUFA/Drivers/USB/Class/Host/MassStorageClassHost.o
                               0xb7ff (size before relaxing)
 .debug_str     0x00016362       0x38 src/LUFA/LUFA/Drivers/USB/Class/Host/MIDIClassHost.o
                               0xb7f8 (size before relaxing)
 .debug_str     0x0001639a       0x3b src/LUFA/LUFA/Drivers/USB/Class/Host/PrinterClassHost.o
                               0xb7fb (size before relaxing)
 .debug_str     0x000163d5       0x39 src/LUFA/LUFA/Drivers/USB/Class/Host/RNDISClassHost.o
                               0xb7f9 (size before relaxing)
 .debug_str     0x0001640e       0x3e src/LUFA/LUFA/Drivers/USB/Class/Host/StillImageClassHost.o
                               0xb7fe (size before relaxing)
 .debug_str     0x0001644c       0x7d src/LUFA/LUFA/Drivers/USB/Core/AVR8/Device_AVR8.o
                               0xc196 (size before relaxing)
 .debug_str     0x000164c9      0x89e src/LUFA/LUFA/Drivers/USB/Core/AVR8/EndpointStream_AVR8.o
                               0xcf16 (size before relaxing)
 .debug_str     0x00016d67      0x199 src/LUFA/LUFA/Drivers/USB/Core/AVR8/Endpoint_AVR8.o
                               0xc5b8 (size before relaxing)
 .debug_str     0x00016f00       0x33 src/LUFA/LUFA/Drivers/USB/Core/AVR8/Host_AVR8.o
                               0xb7f3 (size before relaxing)
 .debug_str     0x00016f33       0x39 src/LUFA/LUFA/Drivers/USB/Core/AVR8/PipeStream_AVR8.o
                               0xb7f9 (size before relaxing)
 .debug_str     0x00016f6c       0x33 src/LUFA/LUFA/Drivers/USB/Core/AVR8/Pipe_AVR8.o
                               0xb7f3 (size before relaxing)
 .debug_str     0x00016f9f       0x4e src/LUFA/LUFA/Drivers/USB/Core/AVR8/Template/Template_Endpoint_Control_R.o
                               0x2acd (size before relaxing)
 .debug_str     0x00016fed       0x4e src/LUFA/LUFA/Drivers/USB/Core/AVR8/Template/Template_Endpoint_Control_W.o
                               0x2acd (size before relaxing)
 .debug_str     0x0001703b       0x47 src/LUFA/LUFA/Drivers/USB/Core/AVR8/Template/Template_Endpoint_RW.o
                               0x2ac6 (size before relaxing)
 .debug_str     0x00017082       0x43 src/LUFA/LUFA/Drivers/USB/Core/AVR8/Template/Template_Pipe_RW.o
                               0x2ac2 (size before relaxing)
 .debug_str     0x000170c5      0x1dc src/LUFA/LUFA/Drivers/USB/Core/AVR8/USBController_AVR8.o
                               0xc4ef (size before relaxing)
 .debug_str     0x000172a1       0xbb src/LUFA/LUFA/Drivers/USB/Core/AVR8/USBInterrupt_AVR8.o
                               0xc479 (size before relaxing)
 .debug_str     0x0001735c      0x22d src/LUFA/LUFA/Drivers/USB/Core/ConfigDescriptors.o
                               0xc509 (size before relaxing)
 .debug_str     0x00017589      0x306 src/LUFA/LUFA/Drivers/USB/Core/DeviceStandardReq.o
                               0xc989 (size before relaxing)
 .debug_str     0x0001788f       0x53 src/LUFA/LUFA/Drivers/USB/Core/Events.o
                               0xb824 (size before relaxing)
 .debug_str     0x000178e2       0x34 src/LUFA/LUFA/Drivers/USB/Core/HostStandardReq.o
                               0xb7f4 (size before relaxing)
 .debug_str     0x00017916       0x7e src/LUFA/LUFA/Drivers/USB/Core/USBTask.o
                               0xc337 (size before relaxing)

.debug_loc      0x00000000     0x7a70
 *(.debug_loc)
 .debug_loc     0x00000000      0x2d3 Descriptors.o
 .debug_loc     0x000002d3      0x288 src/LUFA/LUFA/Drivers/Peripheral/AVR8/Serial_AVR8.o
 .debug_loc     0x0000055b      0x6c1 Joystick.o
 .debug_loc     0x00000c1c      0xb48 src/LUFA/LUFA/Drivers/USB/Class/Common/HIDParser.o
 .debug_loc     0x00001764      0x35e src/LUFA/LUFA/Drivers/USB/Class/Device/AudioClassDevice.o
 .debug_loc     0x00001ac2      0x884 src/LUFA/LUFA/Drivers/USB/Class/Device/CDCClassDevice.o
 .debug_loc     0x00002346      0x471 src/LUFA/LUFA/Drivers/USB/Class/Device/HIDClassDevice.o
 .debug_loc     0x000027b7      0x2a6 src/LUFA/LUFA/Drivers/USB/Class/Device/MassStorageClassDevice.o
 .debug_loc     0x00002a5d      0x305 src/LUFA/LUFA/Drivers/USB/Class/Device/MIDIClassDevice.o
 .debug_loc     0x00002d62      0x843 src/LUFA/LUFA/Drivers/USB/Class/Device/PrinterClassDevice.o
 .debug_loc     0x000035a5      0xc7c src/LUFA/LUFA/Drivers/USB/Class/Device/RNDISClassDevice.o
 .debug_loc     0x00004221     0x2822 src/LUFA/LUFA/Drivers/USB/Core/AVR8/EndpointStream_AVR8.o
 .debug_loc     0x00006a43      0x638 src/LUFA/LUFA/Drivers/USB/Core/AVR8/Endpoint_AVR8.o
 .debug_loc     0x0000707b      0x21f src/LUFA/LUFA/Drivers/USB/Core/AVR8/USBInterrupt_AVR8.o
 .debug_loc     0x0000729a      0x4c1 src/LUFA/LUFA/Drivers/USB/Core/ConfigDescriptors.o
 .debug_loc     0x0000775b      0x2cc src/LUFA/LUFA/Drivers/USB/Core/DeviceStandardReq.o
 .debug_loc     0x00007a27       0x49 src/LUFA/LUFA/Drivers/USB/Core/USBTask.o

.debug_macinfo
 *(.debug_macinfo)

.debug_weaknames
 *(.debug_weaknames)

.debug_funcnames
 *(.debug_funcnames)

.debug_typenames
 *(.debug_typenames)

.debug_varnames
 *(.debug_varnames)

.debug_pubtypes
 *(.debug_pubtypes)

.debug_ranges   0x00000000     0x1158
 *(.debug_ranges)
 .debug_ranges  0x00000000       0x10 Descriptors.o
 .debug_ranges  0x00000010       0x90 src/LUFA/LUFA/Drivers/Peripheral/AVR8/Serial_AVR8.o
 .debug_ranges  0x000000a0       0xc8 Joystick.o
 .debug_ranges  0x00000168       0xb8 src/LUFA/LUFA/Drivers/USB/Class/Common/HIDParser.o
 .debug_ranges  0x00000220       0x20 src/LUFA/LUFA/Drivers/USB/Class/Device/AudioClassDevice.o
 .debug_ranges  0x00000240       0x88 src/LUFA/LUFA/Drivers/USB/Class/Device/CDCClassDevice.o
 .debug_ranges  0x000002c8       0x20 src/LUFA/LUFA/Drivers/USB/Class/Device/HIDClassDevice.o
 .debug_ranges  0x000002e8       0x50 src/LUFA/LUFA/Drivers/USB/Class/Device/MassStorageClassDevice.o
 .debug_ranges  0x00000338       0x30 src/LUFA/LUFA/Drivers/USB/Class/Device/MIDIClassDevice.o
 .debug_ranges  0x00000368       0x80 src/LUFA/LUFA/Drivers/USB/Class/Device/PrinterClassDevice.o
 .debug_ranges  0x000003e8       0x80 src/LUFA/LUFA/Drivers/USB/Class/Device/RNDISClassDevice.o
 .debug_ranges  0x00000468       0x10 src/LUFA/LUFA/Drivers/USB/Core/AVR8/Device_AVR8.o
 .debug_ranges  0x00000478      0xa38 src/LUFA/LUFA/Drivers/USB/Core/AVR8/EndpointStream_AVR8.o
 .debug_ranges  0x00000eb0      0x1c8 src/LUFA/LUFA/Drivers/USB/Core/AVR8/Endpoint_AVR8.o
 .debug_ranges  0x00001078       0x20 src/LUFA/LUFA/Drivers/USB/Core/AVR8/USBController_AVR8.o
 .debug_ranges  0x00001098       0x20 src/LUFA/LUFA/Drivers/USB/Core/AVR8/USBInterrupt_AVR8.o
 .debug_ranges  0x000010b8       0x28 src/LUFA/LUFA/Drivers/USB/Core/ConfigDescriptors.o
 .debug_ranges  0x000010e0       0x58 src/LUFA/LUFA/Drivers/USB/Core/DeviceStandardReq.o
 .debug_ranges  0x00001138       0x10 src/LUFA/LUFA/Drivers/USB/Core/Events.o
 .debug_ranges  0x00001148       0x10 src/LUFA/LUFA/Drivers/USB/Core/USBTask.o

.debug_macro    0x00000000     0xa73e
 *(.debug_macro)
 .debug_macro   0x00000000      0x432 Descriptors.o
 .debug_macro   0x00000432      0xa3c Descriptors.o
 .debug_macro   0x00000e6e       0x10 Descriptors.o
 .debug_macro   0x00000e7e      0x1ad Descriptors.o
 .debug_macro   0x0000102b      0x293 Descriptors.o
 .debug_macro   0x000012be       0x89 Descriptors.o
 .debug_macro   0x00001347       0xaa Descriptors.o
 .debug_macro   0x000013f1     0x1583 Descriptors.o
 .debug_macro   0x00002974      0x13a Descriptors.o
 .debug_macro   0x00002aae       0xcb Descriptors.o
 .debug_macro   0x00002b79       0x34 Descriptors.o
 .debug_macro   0x00002bad       0x18 Descriptors.o
 .debug_macro   0x00002bc5       0x6c Descriptors.o
 .debug_macro   0x00002c31       0xee Descriptors.o
 .debug_macro   0x00002d1f       0x12 Descriptors.o
 .debug_macro   0x00002d31       0x10 Descriptors.o
 .debug_macro   0x00002d41       0x22 Descriptors.o
 .debug_macro   0x00002d63       0x16 Descriptors.o
 .debug_macro   0x00002d79       0x20 Descriptors.o
 .debug_macro   0x00002d99       0xef Descriptors.o
 .debug_macro   0x00002e88       0x22 Descriptors.o
 .debug_macro   0x00002eaa      0x18b Descriptors.o
 .debug_macro   0x00003035       0x2f Descriptors.o
 .debug_macro   0x00003064       0x1c Descriptors.o
 .debug_macro   0x00003080       0x6e Descriptors.o
 .debug_macro   0x000030ee       0x28 Descriptors.o
 .debug_macro   0x00003116       0x69 Descriptors.o
 .debug_macro   0x0000317f       0x87 Descriptors.o
 .debug_macro   0x00003206       0x35 Descriptors.o
 .debug_macro   0x0000323b      0x10c Descriptors.o
 .debug_macro   0x00003347      0x160 Descriptors.o
 .debug_macro   0x000034a7      0x167 Descriptors.o
 .debug_macro   0x0000360e       0x10 Descriptors.o
 .debug_macro   0x0000361e       0x1c Descriptors.o
 .debug_macro   0x0000363a       0x86 Descriptors.o
 .debug_macro   0x000036c0       0x3c Descriptors.o
 .debug_macro   0x000036fc       0x19 Descriptors.o
 .debug_macro   0x00003715       0x4d Descriptors.o
 .debug_macro   0x00003762       0x81 Descriptors.o
 .debug_macro   0x000037e3       0x16 Descriptors.o
 .debug_macro   0x000037f9       0x12 Descriptors.o
 .debug_macro   0x0000380b       0x1c Descriptors.o
 .debug_macro   0x00003827       0x64 Descriptors.o
 .debug_macro   0x0000388b       0x3a Descriptors.o
 .debug_macro   0x000038c5       0x10 Descriptors.o
 .debug_macro   0x000038d5       0x1c Descriptors.o
 .debug_macro   0x000038f1       0x16 Descriptors.o
 .debug_macro   0x00003907       0x16 Descriptors.o
 .debug_macro   0x0000391d      0x12c Descriptors.o
 .debug_macro   0x00003a49       0x16 Descriptors.o
 .debug_macro   0x00003a5f       0x46 Descriptors.o
 .debug_macro   0x00003aa5       0x58 Descriptors.o
 .debug_macro   0x00003afd       0x10 Descriptors.o
 .debug_macro   0x00003b0d       0x35 Descriptors.o
 .debug_macro   0x00003b42       0xeb Descriptors.o
 .debug_macro   0x00003c2d       0x16 Descriptors.o
 .debug_macro   0x00003c43      0x154 Descriptors.o
 .debug_macro   0x00003d97       0x2a Descriptors.o
 .debug_macro   0x00003dc1      0x657 Descriptors.o
 .debug_macro   0x00004418       0x16 Descriptors.o
 .debug_macro   0x0000442e      0x132 Descriptors.o
 .debug_macro   0x00004560       0x16 Descriptors.o
 .debug_macro   0x00004576       0x10 Descriptors.o
 .debug_macro   0x00004586       0x6c Descriptors.o
 .debug_macro   0x000045f2       0x16 Descriptors.o
 .debug_macro   0x00004608       0x1c Descriptors.o
 .debug_macro   0x00004624       0x16 Descriptors.o
 .debug_macro   0x0000463a       0x10 Descriptors.o
 .debug_macro   0x0000464a      0x1c5 Descriptors.o
 .debug_macro   0x0000480f       0x16 Descriptors.o
 .debug_macro   0x00004825       0x2e Descriptors.o
 .debug_macro   0x00004853      0x1b4 src/LUFA/LUFA/Drivers/Peripheral/AVR8/Serial_AVR8.o
 .debug_macro   0x00004a07       0x10 src/LUFA/LUFA/Drivers/Peripheral/AVR8/Serial_AVR8.o
 .debug_macro   0x00004a17       0x97 src/LUFA/LUFA/Drivers/Peripheral/AVR8/Serial_AVR8.o
 .debug_macro   0x00004aae       0x16 src/LUFA/LUFA/Drivers/Peripheral/AVR8/Serial_AVR8.o
 .debug_macro   0x00004ac4       0x36 src/LUFA/LUFA/Drivers/Peripheral/AVR8/Serial_AVR8.o
 .debug_macro   0x00004afa       0x10 src/LUFA/LUFA/Drivers/Peripheral/AVR8/Serial_AVR8.o
 .debug_macro   0x00004b0a      0x299 src/LUFA/LUFA/Drivers/Peripheral/AVR8/Serial_AVR8.o
 .debug_macro   0x00004da3       0x9e src/LUFA/LUFA/Drivers/Peripheral/AVR8/Serial_AVR8.o
 .debug_macro   0x00004e41       0xe2 src/LUFA/LUFA/Drivers/Peripheral/AVR8/Serial_AVR8.o
 .debug_macro   0x00004f23      0x10e src/LUFA/LUFA/Drivers/Peripheral/AVR8/Serial_AVR8.o
 .debug_macro   0x00005031       0x10 src/LUFA/LUFA/Drivers/Peripheral/AVR8/Serial_AVR8.o
 .debug_macro   0x00005041      0x4ca Joystick.o
 .debug_macro   0x0000550b       0x76 Joystick.o
 .debug_macro   0x00005581       0x65 Joystick.o
 .debug_macro   0x000055e6       0x12 Joystick.o
 .debug_macro   0x000055f8       0x34 Joystick.o
 .debug_macro   0x0000562c       0x1c Joystick.o
 .debug_macro   0x00005648       0x10 Joystick.o
 .debug_macro   0x00005658       0x22 Joystick.o
 .debug_macro   0x0000567a       0x3a Joystick.o
 .debug_macro   0x000056b4       0x16 Joystick.o
 .debug_macro   0x000056ca       0x28 Joystick.o
 .debug_macro   0x000056f2      0x1c0 src/LUFA/LUFA/Drivers/USB/Class/Common/HIDParser.o
 .debug_macro   0x000058b2       0x1f src/LUFA/LUFA/Drivers/USB/Class/Common/HIDParser.o
 .debug_macro   0x000058d1      0x43b src/LUFA/LUFA/Drivers/USB/Class/Device/AudioClassDevice.o
 .debug_macro   0x00005d0c       0x40 src/LUFA/LUFA/Drivers/USB/Class/Device/AudioClassDevice.o
 .debug_macro   0x00005d4c      0x132 src/LUFA/LUFA/Drivers/USB/Class/Device/AudioClassDevice.o
 .debug_macro   0x00005e7e      0x43b src/LUFA/LUFA/Drivers/USB/Class/Device/CDCClassDevice.o
 .debug_macro   0x000062b9      0x43f src/LUFA/LUFA/Drivers/USB/Class/Device/HIDClassDevice.o
 .debug_macro   0x000066f8      0x445 src/LUFA/LUFA/Drivers/USB/Class/Device/MassStorageClassDevice.o
 .debug_macro   0x00006b3d      0x12c src/LUFA/LUFA/Drivers/USB/Class/Device/MassStorageClassDevice.o
 .debug_macro   0x00006c69      0x43f src/LUFA/LUFA/Drivers/USB/Class/Device/MIDIClassDevice.o
 .debug_macro   0x000070a8      0x445 src/LUFA/LUFA/Drivers/USB/Class/Device/PrinterClassDevice.o
 .debug_macro   0x000074ed       0x16 src/LUFA/LUFA/Drivers/USB/Class/Device/PrinterClassDevice.o
 .debug_macro   0x00007503      0x43f src/LUFA/LUFA/Drivers/USB/Class/Device/RNDISClassDevice.o
 .debug_macro   0x00007942      0x178 src/LUFA/LUFA/Drivers/USB/Class/Host/AndroidAccessoryClassHost.o
 .debug_macro   0x00007aba      0x178 src/LUFA/LUFA/Drivers/USB/Class/Host/AudioClassHost.o
 .debug_macro   0x00007c32      0x178 src/LUFA/LUFA/Drivers/USB/Class/Host/CDCClassHost.o
 .debug_macro   0x00007daa      0x178 src/LUFA/LUFA/Drivers/USB/Class/Host/HIDClassHost.o
 .debug_macro   0x00007f22      0x178 src/LUFA/LUFA/Drivers/USB/Class/Host/MassStorageClassHost.o
 .debug_macro   0x0000809a      0x178 src/LUFA/LUFA/Drivers/USB/Class/Host/MIDIClassHost.o
 .debug_macro   0x00008212      0x178 src/LUFA/LUFA/Drivers/USB/Class/Host/PrinterClassHost.o
 .debug_macro   0x0000838a      0x178 src/LUFA/LUFA/Drivers/USB/Class/Host/RNDISClassHost.o
 .debug_macro   0x00008502      0x178 src/LUFA/LUFA/Drivers/USB/Class/Host/StillImageClassHost.o
 .debug_macro   0x0000867a      0x29d src/LUFA/LUFA/Drivers/USB/Core/AVR8/Device_AVR8.o
 .debug_macro   0x00008917       0x47 src/LUFA/LUFA/Drivers/USB/Core/AVR8/Device_AVR8.o
 .debug_macro   0x0000895e      0x60e src/LUFA/LUFA/Drivers/USB/Core/AVR8/EndpointStream_AVR8.o
 .debug_macro   0x00008f6c       0x28 src/LUFA/LUFA/Drivers/USB/Core/AVR8/EndpointStream_AVR8.o
 .debug_macro   0x00008f94       0x1c src/LUFA/LUFA/Drivers/USB/Core/AVR8/EndpointStream_AVR8.o
 .debug_macro   0x00008fb0       0x1c src/LUFA/LUFA/Drivers/USB/Core/AVR8/EndpointStream_AVR8.o
 .debug_macro   0x00008fcc      0x2a5 src/LUFA/LUFA/Drivers/USB/Core/AVR8/Endpoint_AVR8.o
 .debug_macro   0x00009271       0x10 src/LUFA/LUFA/Drivers/USB/Core/AVR8/Endpoint_AVR8.o
 .debug_macro   0x00009281      0x17c src/LUFA/LUFA/Drivers/USB/Core/AVR8/Host_AVR8.o
 .debug_macro   0x000093fd      0x17c src/LUFA/LUFA/Drivers/USB/Core/AVR8/PipeStream_AVR8.o
 .debug_macro   0x00009579      0x17c src/LUFA/LUFA/Drivers/USB/Core/AVR8/Pipe_AVR8.o
 .debug_macro   0x000096f5       0x11 src/LUFA/LUFA/Drivers/USB/Core/AVR8/Template/Template_Endpoint_Control_R.o
 .debug_macro   0x00009706       0x11 src/LUFA/LUFA/Drivers/USB/Core/AVR8/Template/Template_Endpoint_Control_W.o
 .debug_macro   0x00009717       0x11 src/LUFA/LUFA/Drivers/USB/Core/AVR8/Template/Template_Endpoint_RW.o
 .debug_macro   0x00009728       0x11 src/LUFA/LUFA/Drivers/USB/Core/AVR8/Template/Template_Pipe_RW.o
 .debug_macro   0x00009739      0x277 src/LUFA/LUFA/Drivers/USB/Core/AVR8/USBController_AVR8.o
 .debug_macro   0x000099b0       0x87 src/LUFA/LUFA/Drivers/USB/Core/AVR8/USBController_AVR8.o
 .debug_macro   0x00009a37      0x27f src/LUFA/LUFA/Drivers/USB/Core/AVR8/USBInterrupt_AVR8.o
 .debug_macro   0x00009cb6      0x28e src/LUFA/LUFA/Drivers/USB/Core/ConfigDescriptors.o
 .debug_macro   0x00009f44      0x27d src/LUFA/LUFA/Drivers/USB/Core/DeviceStandardReq.o
 .debug_macro   0x0000a1c1      0x182 src/LUFA/LUFA/Drivers/USB/Core/Events.o
 .debug_macro   0x0000a343      0x178 src/LUFA/LUFA/Drivers/USB/Core/HostStandardReq.o
 .debug_macro   0x0000a4bb      0x283 src/LUFA/LUFA/Drivers/USB/Core/USBTask.o
OUTPUT(CLASS_JOYSTICK1.elf elf32-avr)
LOAD linker stubs
